###############################################################################
#
# IAR ELF Linker V8.50.6.265/W32 for ARM                  11/Dec/2020  14:04:22
# Copyright 2007-2020 IAR Systems AB.
#
#    Output file  =
#        E:\OfficalEmbsys\STMPROB\StmDimmingLight\EWARM\StmDimmingLight\Exe\StmDimmingLight.out
#    Map file     =
#        E:\OfficalEmbsys\STMPROB\StmDimmingLight\EWARM\StmDimmingLight\List\StmDimmingLight.map
#    Command line =
#        -f C:\Users\EdwinK\AppData\Local\Temp\EW8341.tmp
#        (E:\OfficalEmbsys\STMPROB\StmDimmingLight\EWARM\StmDimmingLight\Obj\main.o
#        E:\OfficalEmbsys\STMPROB\StmDimmingLight\EWARM\StmDimmingLight\Obj\startup_stm32l475xx.o
#        E:\OfficalEmbsys\STMPROB\StmDimmingLight\EWARM\StmDimmingLight\Obj\stm32l4xx_hal.o
#        E:\OfficalEmbsys\STMPROB\StmDimmingLight\EWARM\StmDimmingLight\Obj\stm32l4xx_hal_cortex.o
#        E:\OfficalEmbsys\STMPROB\StmDimmingLight\EWARM\StmDimmingLight\Obj\stm32l4xx_hal_dma.o
#        E:\OfficalEmbsys\STMPROB\StmDimmingLight\EWARM\StmDimmingLight\Obj\stm32l4xx_hal_dma_ex.o
#        E:\OfficalEmbsys\STMPROB\StmDimmingLight\EWARM\StmDimmingLight\Obj\stm32l4xx_hal_exti.o
#        E:\OfficalEmbsys\STMPROB\StmDimmingLight\EWARM\StmDimmingLight\Obj\stm32l4xx_hal_flash.o
#        E:\OfficalEmbsys\STMPROB\StmDimmingLight\EWARM\StmDimmingLight\Obj\stm32l4xx_hal_flash_ex.o
#        E:\OfficalEmbsys\STMPROB\StmDimmingLight\EWARM\StmDimmingLight\Obj\stm32l4xx_hal_flash_ramfunc.o
#        E:\OfficalEmbsys\STMPROB\StmDimmingLight\EWARM\StmDimmingLight\Obj\stm32l4xx_hal_gpio.o
#        E:\OfficalEmbsys\STMPROB\StmDimmingLight\EWARM\StmDimmingLight\Obj\stm32l4xx_hal_i2c.o
#        E:\OfficalEmbsys\STMPROB\StmDimmingLight\EWARM\StmDimmingLight\Obj\stm32l4xx_hal_i2c_ex.o
#        E:\OfficalEmbsys\STMPROB\StmDimmingLight\EWARM\StmDimmingLight\Obj\stm32l4xx_hal_msp.o
#        E:\OfficalEmbsys\STMPROB\StmDimmingLight\EWARM\StmDimmingLight\Obj\stm32l4xx_hal_pwr.o
#        E:\OfficalEmbsys\STMPROB\StmDimmingLight\EWARM\StmDimmingLight\Obj\stm32l4xx_hal_pwr_ex.o
#        E:\OfficalEmbsys\STMPROB\StmDimmingLight\EWARM\StmDimmingLight\Obj\stm32l4xx_hal_rcc.o
#        E:\OfficalEmbsys\STMPROB\StmDimmingLight\EWARM\StmDimmingLight\Obj\stm32l4xx_hal_rcc_ex.o
#        E:\OfficalEmbsys\STMPROB\StmDimmingLight\EWARM\StmDimmingLight\Obj\stm32l4xx_hal_tim.o
#        E:\OfficalEmbsys\STMPROB\StmDimmingLight\EWARM\StmDimmingLight\Obj\stm32l4xx_hal_tim_ex.o
#        E:\OfficalEmbsys\STMPROB\StmDimmingLight\EWARM\StmDimmingLight\Obj\stm32l4xx_it.o
#        E:\OfficalEmbsys\STMPROB\StmDimmingLight\EWARM\StmDimmingLight\Obj\system_stm32l4xx.o
#        --redirect _Printf=_PrintfFull --redirect _Scanf=_ScanfFull
#        --no_out_extension -o
#        E:\OfficalEmbsys\STMPROB\StmDimmingLight\EWARM\StmDimmingLight\Exe\StmDimmingLight.out
#        --map
#        E:\OfficalEmbsys\STMPROB\StmDimmingLight\EWARM\StmDimmingLight\List\StmDimmingLight.map
#        --config
#        E:\OfficalEmbsys\STMPROB\StmDimmingLight\EWARM/stm32l475xx_flash.icf
#        --semihosting --entry __iar_program_start --vfe --text_out locale)
#
###############################################################################

*******************************************************************************
*** RUNTIME MODEL ATTRIBUTES
***

CppFlavor       = *
__SystemLibrary = DLib
__dlib_version  = 6


*******************************************************************************
*** HEAP SELECTION
***

The basic heap was selected because some modules are built with
size limitations (and not runtime checking), and --advanced_heap
was not specified.


*******************************************************************************
*** PLACEMENT SUMMARY
***

"A0":  place at address 0x800'0000 { ro section .intvec };
"P1":  place in [from 0x800'0000 to 0x80f'ffff] { ro };
define block CSTACK with size = 1K, alignment = 8 { };
define block HEAP with size = 512, alignment = 8 { };
"P2":  place in [from 0x2000'0000 to 0x2001'7fff] {
          rw, block CSTACK, block HEAP };
"P3":  place in [from 0x2000'0000 to 0x2001'7fff] { };
initialize by copy { rw };

  Section            Kind         Address    Size  Object
  -------            ----         -------    ----  ------
"A0":                                       0x188
  .intvec            ro code   0x800'0000   0x188  startup_stm32l475xx.o [1]
                             - 0x800'0188   0x188

"P1":                                      0x18b8
  .text              ro code   0x800'0188   0x6bc  stm32l4xx_hal_rcc.o [1]
  .text              ro code   0x800'0844    0x44  stm32l4xx_hal.o [1]
  .text              ro code   0x800'0888     0xc  stm32l4xx_hal.o [1]
  .text              ro code   0x800'0894    0x84  stm32l4xx_hal_pwr_ex.o [1]
  .text              ro code   0x800'0918    0xac  stm32l4xx_hal_cortex.o [1]
  .text              ro code   0x800'09c4   0x6b4  stm32l4xx_hal_tim.o [1]
  .text              ro code   0x800'1078    0xf0  stm32l4xx_hal_msp.o [1]
  .text              ro code   0x800'1168    0x14  memset.o [3]
  .text              ro code   0x800'117c   0x1e0  stm32l4xx_hal_gpio.o [1]
  .text              ro code   0x800'135c    0x66  ABImemset.o [3]
  .text              ro code   0x800'13c2    0x3a  zero_init3.o [3]
  .text              ro code   0x800'13fc   0x210  main.o [1]
  .text              ro code   0x800'160c    0x1e  stm32l4xx_hal.o [1]
  .text              ro code   0x800'162a    0x2e  copy_init3.o [3]
  .text              ro code   0x800'1658   0x11c  stm32l4xx_hal_tim_ex.o [1]
  .text              ro code   0x800'1774    0x28  stm32l4xx_hal.o [1]
  .text              ro code   0x800'179c    0x50  system_stm32l4xx.o [1]
  .rodata            const     0x800'17ec    0x30  system_stm32l4xx.o [1]
  .text              ro code   0x800'181c    0x28  data_init.o [3]
  .iar.init_table    const     0x800'1844    0x24  - Linker created -
  .text              ro code   0x800'1868    0x1e  cmain.o [3]
  .text              ro code   0x800'1886     0x4  low_level_init.o [2]
  .text              ro code   0x800'188a     0x4  exit.o [2]
  .text              ro code   0x800'1890     0xa  cexit.o [3]
  .text              ro code   0x800'189c    0x14  exit.o [4]
  .text              ro code   0x800'18b0    0x14  stm32l4xx_it.o [1]
  .text              ro code   0x800'18c4    0x10  stm32l4xx_hal.o [1]
  .text              ro code   0x800'18d4    0x10  startup_stm32l475xx.o [1]
  Initializer bytes  const     0x800'18e4    0x10  <for P2-P3-1>
  .text              ro code   0x800'18f4     0xc  cstartup_M.o [3]
  .text              ro code   0x800'1900     0x4  startup_stm32l475xx.o [1]
  .text              ro code   0x800'1904     0x4  startup_stm32l475xx.o [1]
  .text              ro code   0x800'1908     0x4  startup_stm32l475xx.o [1]
  .text              ro code   0x800'190c     0x4  startup_stm32l475xx.o [1]
  .text              ro code   0x800'1910     0x4  startup_stm32l475xx.o [1]
  .text              ro code   0x800'1914     0x4  startup_stm32l475xx.o [1]
  .text              ro code   0x800'1918     0x4  startup_stm32l475xx.o [1]
  .text              ro code   0x800'191c     0x4  startup_stm32l475xx.o [1]
  .text              ro code   0x800'1920     0x4  startup_stm32l475xx.o [1]
  .text              ro code   0x800'1924     0x4  startup_stm32l475xx.o [1]
  .text              ro code   0x800'1928     0x4  startup_stm32l475xx.o [1]
  .text              ro code   0x800'192c     0x4  startup_stm32l475xx.o [1]
  .text              ro code   0x800'1930     0x4  startup_stm32l475xx.o [1]
  .text              ro code   0x800'1934     0x4  startup_stm32l475xx.o [1]
  .text              ro code   0x800'1938     0x4  startup_stm32l475xx.o [1]
  .text              ro code   0x800'193c     0x4  startup_stm32l475xx.o [1]
  .text              ro code   0x800'1940     0x4  startup_stm32l475xx.o [1]
  .text              ro code   0x800'1944     0x4  startup_stm32l475xx.o [1]
  .text              ro code   0x800'1948     0x4  startup_stm32l475xx.o [1]
  .text              ro code   0x800'194c     0x4  startup_stm32l475xx.o [1]
  .text              ro code   0x800'1950     0x4  startup_stm32l475xx.o [1]
  .text              ro code   0x800'1954     0x4  startup_stm32l475xx.o [1]
  .text              ro code   0x800'1958     0x4  startup_stm32l475xx.o [1]
  .text              ro code   0x800'195c     0x4  startup_stm32l475xx.o [1]
  .text              ro code   0x800'1960     0x4  startup_stm32l475xx.o [1]
  .text              ro code   0x800'1964     0x4  startup_stm32l475xx.o [1]
  .text              ro code   0x800'1968     0x4  startup_stm32l475xx.o [1]
  .text              ro code   0x800'196c     0x4  startup_stm32l475xx.o [1]
  .text              ro code   0x800'1970     0x4  startup_stm32l475xx.o [1]
  .text              ro code   0x800'1974     0x4  startup_stm32l475xx.o [1]
  .text              ro code   0x800'1978     0x4  startup_stm32l475xx.o [1]
  .text              ro code   0x800'197c     0x4  startup_stm32l475xx.o [1]
  .text              ro code   0x800'1980     0x4  startup_stm32l475xx.o [1]
  .text              ro code   0x800'1984     0x4  startup_stm32l475xx.o [1]
  .text              ro code   0x800'1988     0x4  startup_stm32l475xx.o [1]
  .text              ro code   0x800'198c     0x4  startup_stm32l475xx.o [1]
  .text              ro code   0x800'1990     0x4  startup_stm32l475xx.o [1]
  .text              ro code   0x800'1994     0x4  startup_stm32l475xx.o [1]
  .text              ro code   0x800'1998     0x4  startup_stm32l475xx.o [1]
  .text              ro code   0x800'199c     0x4  startup_stm32l475xx.o [1]
  .text              ro code   0x800'19a0     0x4  startup_stm32l475xx.o [1]
  .text              ro code   0x800'19a4     0x4  startup_stm32l475xx.o [1]
  .text              ro code   0x800'19a8     0x4  startup_stm32l475xx.o [1]
  .text              ro code   0x800'19ac     0x4  startup_stm32l475xx.o [1]
  .text              ro code   0x800'19b0     0x4  startup_stm32l475xx.o [1]
  .text              ro code   0x800'19b4     0x4  startup_stm32l475xx.o [1]
  .text              ro code   0x800'19b8     0x4  startup_stm32l475xx.o [1]
  .text              ro code   0x800'19bc     0x4  startup_stm32l475xx.o [1]
  .text              ro code   0x800'19c0     0x4  startup_stm32l475xx.o [1]
  .text              ro code   0x800'19c4     0x4  startup_stm32l475xx.o [1]
  .text              ro code   0x800'19c8     0x4  startup_stm32l475xx.o [1]
  .text              ro code   0x800'19cc     0x4  startup_stm32l475xx.o [1]
  .text              ro code   0x800'19d0     0x4  startup_stm32l475xx.o [1]
  .text              ro code   0x800'19d4     0x4  startup_stm32l475xx.o [1]
  .text              ro code   0x800'19d8     0x4  startup_stm32l475xx.o [1]
  .text              ro code   0x800'19dc     0x4  startup_stm32l475xx.o [1]
  .text              ro code   0x800'19e0     0x4  startup_stm32l475xx.o [1]
  .text              ro code   0x800'19e4     0x4  startup_stm32l475xx.o [1]
  .text              ro code   0x800'19e8     0x4  startup_stm32l475xx.o [1]
  .text              ro code   0x800'19ec     0x4  startup_stm32l475xx.o [1]
  .text              ro code   0x800'19f0     0x4  startup_stm32l475xx.o [1]
  .text              ro code   0x800'19f4     0x4  startup_stm32l475xx.o [1]
  .text              ro code   0x800'19f8     0x4  startup_stm32l475xx.o [1]
  .text              ro code   0x800'19fc     0x4  startup_stm32l475xx.o [1]
  .text              ro code   0x800'1a00     0x4  startup_stm32l475xx.o [1]
  .text              ro code   0x800'1a04     0x4  startup_stm32l475xx.o [1]
  .text              ro code   0x800'1a08     0x4  startup_stm32l475xx.o [1]
  .text              ro code   0x800'1a0c     0x4  startup_stm32l475xx.o [1]
  .text              ro code   0x800'1a10     0x4  startup_stm32l475xx.o [1]
  .text              ro code   0x800'1a14     0x4  startup_stm32l475xx.o [1]
  .text              ro code   0x800'1a18     0x4  startup_stm32l475xx.o [1]
  .text              ro code   0x800'1a1c     0x4  startup_stm32l475xx.o [1]
  .text              ro code   0x800'1a20     0x4  startup_stm32l475xx.o [1]
  .text              ro code   0x800'1a24     0x4  startup_stm32l475xx.o [1]
  .text              ro code   0x800'1a28     0x4  startup_stm32l475xx.o [1]
  .text              ro code   0x800'1a2c     0x4  startup_stm32l475xx.o [1]
  .text              ro code   0x800'1a30     0x4  startup_stm32l475xx.o [1]
  .text              ro code   0x800'1a34     0x4  startup_stm32l475xx.o [1]
  .text              ro code   0x800'1a38     0x4  startup_stm32l475xx.o [1]
  .text              ro code   0x800'1a3c     0x4  startup_stm32l475xx.o [1]
  .rodata            const     0x800'1a40     0x0  zero_init3.o [3]
  .rodata            const     0x800'1a40     0x0  copy_init3.o [3]
                             - 0x800'1a40  0x18b8

"P2-P3", part 1 of 3:                        0x10
  P2-P3-1                     0x2000'0000    0x10  <Init block>
    .data            inited   0x2000'0000     0xc  stm32l4xx_hal.o [1]
    .data            inited   0x2000'000c     0x4  system_stm32l4xx.o [1]
                            - 0x2000'0010    0x10

"P2-P3", part 2 of 3:                        0x98
  .bss               zero     0x2000'0010    0x4c  main.o [1]
  .bss               zero     0x2000'005c    0x4c  main.o [1]
                            - 0x2000'00a8    0x98

"P2-P3", part 3 of 3:                       0x400
  CSTACK                      0x2000'00a8   0x400  <Block>
    CSTACK           uninit   0x2000'00a8   0x400  <Block tail>
                            - 0x2000'04a8   0x400

Unused ranges:

         From           To      Size
         ----           --      ----
   0x800'1a40   0x80f'ffff  0xf'e5c0
  0x2000'04a8  0x2001'7fff  0x1'7b58


*******************************************************************************
*** INIT TABLE
***

          Address      Size
          -------      ----
Zero (__iar_zero_init3)
    1 destination range, total size 0x98:
          0x2000'0010  0x98

Copy (__iar_copy_init3)
    1 source range, total size 0x10:
           0x800'18e4  0x10
    1 destination range, total size 0x10:
          0x2000'0000  0x10



*******************************************************************************
*** MODULE SUMMARY
***

    Module                  ro code  ro data  rw data
    ------                  -------  -------  -------
command line/config:
    -------------------------------------------------
    Total:

E:\OfficalEmbsys\STMPROB\StmDimmingLight\EWARM\StmDimmingLight\Obj: [1]
    main.o                      528               152
    startup_stm32l475xx.o       728
    stm32l4xx_hal.o             166       12       12
    stm32l4xx_hal_cortex.o      172
    stm32l4xx_hal_gpio.o        480
    stm32l4xx_hal_msp.o         240
    stm32l4xx_hal_pwr_ex.o      132
    stm32l4xx_hal_rcc.o       1'724
    stm32l4xx_hal_tim.o       1'716
    stm32l4xx_hal_tim_ex.o      284
    stm32l4xx_it.o               20
    system_stm32l4xx.o           80       52        4
    -------------------------------------------------
    Total:                    6'270       64      168

dl7M_tln.a: [2]
    exit.o                        4
    low_level_init.o              4
    -------------------------------------------------
    Total:                        8

rt7M_tl.a: [3]
    ABImemset.o                 102
    cexit.o                      10
    cmain.o                      30
    copy_init3.o                 46
    cstartup_M.o                 12
    data_init.o                  40
    memset.o                     20
    zero_init3.o                 58
    -------------------------------------------------
    Total:                      318

shb_l.a: [4]
    exit.o                       20
    -------------------------------------------------
    Total:                       20

    Gaps                          4
    Linker created                        36    1'024
-----------------------------------------------------
    Grand Total:              6'620      100    1'192


*******************************************************************************
*** ENTRY LIST
***

Entry                       Address   Size  Type      Object
-----                       -------   ----  ----      ------
.iar.init_table$$Base    0x800'1844          --   Gb  - Linker created -
.iar.init_table$$Limit   0x800'1868          --   Gb  - Linker created -
?main                    0x800'1869         Code  Gb  cmain.o [3]
AHBPrescTable            0x800'17dc   0x10  Data  Gb  system_stm32l4xx.o [1]
BusFault_Handler         0x800'18b7    0x2  Code  Gb  stm32l4xx_it.o [1]
CSTACK$$Base            0x2000'00a8          --   Gb  - Linker created -
CSTACK$$Limit           0x2000'04a8          --   Gb  - Linker created -
DebugMon_Handler         0x800'18bd    0x2  Code  Gb  stm32l4xx_it.o [1]
HAL_Delay                0x800'1775   0x28  Code  Wk  stm32l4xx_hal.o [1]
HAL_GPIO_Init            0x800'117d  0x1bc  Code  Gb  stm32l4xx_hal_gpio.o [1]
HAL_GetTick              0x800'0889    0xc  Code  Wk  stm32l4xx_hal.o [1]
HAL_IncTick              0x800'18c5   0x10  Code  Wk  stm32l4xx_hal.o [1]
HAL_Init                 0x800'160d   0x1e  Code  Gb  stm32l4xx_hal.o [1]
HAL_InitTick             0x800'0845   0x44  Code  Wk  stm32l4xx_hal.o [1]
HAL_MspInit              0x800'1079   0x2c  Code  Gb  stm32l4xx_hal_msp.o [1]
HAL_NVIC_SetPriority     0x800'094d   0x3a  Code  Gb  stm32l4xx_hal_cortex.o [1]
HAL_NVIC_SetPriorityGrouping
                         0x800'0933   0x1a  Code  Gb  stm32l4xx_hal_cortex.o [1]
HAL_PWREx_ControlVoltageScaling
                         0x800'08a1   0x5c  Code  Gb  stm32l4xx_hal_pwr_ex.o [1]
HAL_PWREx_GetVoltageRange
                         0x800'0895    0xc  Code  Gb  stm32l4xx_hal_pwr_ex.o [1]
HAL_RCC_ClockConfig      0x800'05f3  0x100  Code  Gb  stm32l4xx_hal_rcc.o [1]
HAL_RCC_GetSysClockFreq
                         0x800'0707   0x92  Code  Gb  stm32l4xx_hal_rcc.o [1]
HAL_RCC_OscConfig        0x800'0189  0x43e  Code  Gb  stm32l4xx_hal_rcc.o [1]
HAL_SYSTICK_Config       0x800'0989   0x28  Code  Gb  stm32l4xx_hal_cortex.o [1]
HAL_TIMEx_ConfigBreakDeadTime
                         0x800'16d9   0x84  Code  Gb  stm32l4xx_hal_tim_ex.o [1]
HAL_TIMEx_MasterConfigSynchronization
                         0x800'1659   0x7a  Code  Gb  stm32l4xx_hal_tim_ex.o [1]
HAL_TIM_MspPostInit      0x800'10df   0x6e  Code  Gb  stm32l4xx_hal_msp.o [1]
HAL_TIM_PWM_ConfigChannel
                         0x800'0c11  0x102  Code  Gb  stm32l4xx_hal_tim.o [1]
HAL_TIM_PWM_Init         0x800'09ef   0x1a  Code  Gb  stm32l4xx_hal_tim.o [1]
HAL_TIM_PWM_MspInit      0x800'10a5   0x3a  Code  Gb  stm32l4xx_hal_msp.o [1]
HAL_TIM_PWM_Start        0x800'0a09   0xc4  Code  Gb  stm32l4xx_hal_tim.o [1]
HAL_TIM_PWM_Stop         0x800'0af7   0x7c  Code  Gb  stm32l4xx_hal_tim.o [1]
HardFault_Handler        0x800'18b3    0x2  Code  Gb  stm32l4xx_it.o [1]
MSIRangeTable            0x800'17ec   0x30  Data  Gb  system_stm32l4xx.o [1]
MemManage_Handler        0x800'18b5    0x2  Code  Gb  stm32l4xx_it.o [1]
NMI_Handler              0x800'18b1    0x2  Code  Gb  stm32l4xx_it.o [1]
PendSV_Handler           0x800'18bf    0x2  Code  Gb  stm32l4xx_it.o [1]
RCC_SetFlashLatencyFromMSIRange
                         0x800'0799   0x74  Code  Lc  stm32l4xx_hal_rcc.o [1]
Region$$Table$$Base      0x800'1844          --   Gb  - Linker created -
Region$$Table$$Limit     0x800'1868          --   Gb  - Linker created -
SVC_Handler              0x800'18bb    0x2  Code  Gb  stm32l4xx_it.o [1]
SysTick_Handler          0x800'18c1    0x4  Code  Gb  stm32l4xx_it.o [1]
SystemClock_Config       0x800'1545   0x66  Code  Gb  main.o [1]
SystemCoreClock         0x2000'000c    0x4  Data  Gb  system_stm32l4xx.o [1]
SystemInit               0x800'179d   0x32  Code  Gb  system_stm32l4xx.o [1]
TIM_Base_SetConfig       0x800'0d1f   0xac  Code  Gb  stm32l4xx_hal_tim.o [1]
TIM_CCxChannelCmd        0x800'105d   0x16  Code  Gb  stm32l4xx_hal_tim.o [1]
TIM_OC1_SetConfig        0x800'0dcb   0x82  Code  Lc  stm32l4xx_hal_tim.o [1]
TIM_OC2_SetConfig        0x800'0e4d   0x72  Code  Gb  stm32l4xx_hal_tim.o [1]
TIM_OC3_SetConfig        0x800'0ebf   0x70  Code  Lc  stm32l4xx_hal_tim.o [1]
TIM_OC4_SetConfig        0x800'0f2f   0x4e  Code  Lc  stm32l4xx_hal_tim.o [1]
TIM_OC5_SetConfig        0x800'0f7d   0x54  Code  Lc  stm32l4xx_hal_tim.o [1]
TIM_OC6_SetConfig        0x800'0fd1   0x4e  Code  Lc  stm32l4xx_hal_tim.o [1]
UsageFault_Handler       0x800'18b9    0x2  Code  Gb  stm32l4xx_it.o [1]
__NVIC_SetPriority       0x800'0919   0x1a  Code  Lc  stm32l4xx_hal_cortex.o [1]
__aeabi_memset           0x800'135d         Code  Gb  ABImemset.o [3]
__cmain                  0x800'1869         Code  Gb  cmain.o [3]
__exit                   0x800'189d   0x14  Code  Gb  exit.o [4]
__iar_Memset             0x800'135d         Code  Gb  ABImemset.o [3]
__iar_Memset_word        0x800'1365         Code  Gb  ABImemset.o [3]
__iar_copy_init3         0x800'162b   0x2e  Code  Gb  copy_init3.o [3]
__iar_data_init3         0x800'181d   0x28  Code  Gb  data_init.o [3]
__iar_program_start      0x800'18f5         Code  Gb  cstartup_M.o [3]
__iar_zero_init3         0x800'13c3   0x3a  Code  Gb  zero_init3.o [3]
__low_level_init         0x800'1887    0x4  Code  Gb  low_level_init.o [2]
__vector_table           0x800'0000         Data  Gb  startup_stm32l475xx.o [1]
_call_main               0x800'1875         Code  Gb  cmain.o [3]
_exit                    0x800'1891         Code  Gb  cexit.o [3]
_main                    0x800'1883         Code  Gb  cmain.o [3]
exit                     0x800'188b    0x4  Code  Gb  exit.o [2]
htim15                  0x2000'005c   0x4c  Data  Gb  main.o [1]
htim2                   0x2000'0010   0x4c  Data  Gb  main.o [1]
main                     0x800'13fd  0x13e  Code  Gb  main.o [1]
memset                   0x800'1169   0x14  Code  Gb  memset.o [3]
user_pwm_setvalue        0x800'15b3   0x22  Code  Gb  main.o [1]
user_pwm_setvalue1       0x800'15d5   0x14  Code  Gb  main.o [1]
uwTick                  0x2000'0004    0x4  Data  Gb  stm32l4xx_hal.o [1]
uwTickFreq              0x2000'0000    0x1  Data  Gb  stm32l4xx_hal.o [1]
uwTickPrio              0x2000'0008    0x4  Data  Gb  stm32l4xx_hal.o [1]


[1] = E:\OfficalEmbsys\STMPROB\StmDimmingLight\EWARM\StmDimmingLight\Obj
[2] = dl7M_tln.a
[3] = rt7M_tl.a
[4] = shb_l.a

  6'620 bytes of readonly  code memory
    100 bytes of readonly  data memory
  1'192 bytes of readwrite data memory

Errors: none
Warnings: none
